09:50:17.894 [main] INFO  testCases.TC001_AccountRegistrationTest - *******Starting TC001_AccountRegistrationTest***********
09:50:17.938 [main] INFO  testCases.TC001_AccountRegistrationTest - Clicked on the Link My Account
09:50:18.405 [main] INFO  testCases.TC001_AccountRegistrationTest - Clicked on the Link Register
09:50:18.406 [main] INFO  testCases.TC001_AccountRegistrationTest - Passing User details....
09:50:24.370 [main] INFO  testCases.TC001_AccountRegistrationTest - Message Confirmation....
09:52:46.044 [main] INFO  testCases.TC001_AccountRegistrationTest - *******Starting TC001_AccountRegistrationTest***********
09:52:46.097 [main] INFO  testCases.TC001_AccountRegistrationTest - Clicked on the Link My Account
09:52:46.518 [main] INFO  testCases.TC001_AccountRegistrationTest - Clicked on the Link Register
09:52:46.518 [main] INFO  testCases.TC001_AccountRegistrationTest - Passing User details....
09:52:52.547 [main] INFO  testCases.TC001_AccountRegistrationTest - Message Confirmation....
10:01:27.973 [main] INFO  testCases.TC001_AccountRegistrationTest - *******Starting TC001_AccountRegistrationTest***********
10:01:28.031 [main] INFO  testCases.TC001_AccountRegistrationTest - Clicked on the Link My Account
10:01:28.438 [main] INFO  testCases.TC001_AccountRegistrationTest - Clicked on the Link Register
10:01:28.438 [main] INFO  testCases.TC001_AccountRegistrationTest - Passing User details....
10:01:34.363 [main] INFO  testCases.TC001_AccountRegistrationTest - Message Confirmation....
10:05:01.613 [main] INFO  testCases.TC001_AccountRegistrationTest - *******Starting TC001_AccountRegistrationTest***********
10:05:01.671 [main] INFO  testCases.TC001_AccountRegistrationTest - Clicked on the Link My Account
10:05:02.621 [main] INFO  testCases.TC001_AccountRegistrationTest - Clicked on the Link Register
10:05:02.621 [main] INFO  testCases.TC001_AccountRegistrationTest - Passing User details....
10:05:09.754 [main] INFO  testCases.TC001_AccountRegistrationTest - Message Confirmation....
